
> client@0.0.0 test
> vitest --run


[1m[46m RUN [49m[22m [36mv4.0.18 [39m[90mC:/Users/wrigh/Documents/WebProjects/FrontendBackend/client[39m

node.exe : [90mstderr[2m | 
src/components/layout/Header.test.jsx[2m > 
[22m[2mHeader[2m > [22m[2mrenders header with 
site title
At line:1 char:1
+ & "C:\Program Files\nodejs/node.exe" "C:\Program 
Files\nodejs/node_mo ...
+ ~~~~~~~~~~~~~~~~~~~~~~~~~~~~~~~~~~~~~~~~~~~~~~~~~
~~~~~~~~~~~~~~~~~~~~
    + CategoryInfo          : NotSpecified: (    
[90mstderr[2m...with site title:String)     [], 
RemoteException
    + FullyQualifiedErrorId : NativeCommandEr    
ror
 
[22m[39mInvalid DOM property `popovertarget`. 
Did you mean `popoverTarget`?

 [32m✓[39m src/components/ui/Button.test.jsx [2m([22m[2m4 tests[22m[2m)[22m[32m 293[2mms[22m[39m
 [32m✓[39m src/components/ui/form/Select.test.jsx [2m([22m[2m5 tests[22m[2m)[22m[33m 306[2mms[22m[39m
[90mstderr[2m | 
src/components/auth/LoginForm.test.jsx[2m > 
[22m[2mLoginForm[2m > [22m[2mrenders login 
form with username and password inputs
[22m[39mInvalid value for prop `icon` on <input> 
tag. Either remove it from the element, or pass a 
string or number value to keep it in the DOM. For 
details, see 
https://react.dev/link/attribute-behavior 

 [32m✓[39m src/components/layout/Header.test.jsx [2m([22m[2m8 tests[22m[2m)[22m[33m 326[2mms[22m[39m
 [32m✓[39m src/components/ui/TabNavigation.test.jsx [2m([22m[2m5 tests[22m[2m)[22m[33m 440[2mms[22m[39m
[90mstderr[2m | 
src/components/auth/ChangePassword.test.jsx[2m > 
[22m[2mChangePassword[2m > [22m[2mhandles 
successful password change
[22m[39mAn update to ChangePassword inside a 
test was not wrapped in act(...).

When testing, code that causes React state updates 
should be wrapped into act(...):

act(() => {
  /* fire events that update state */
});
/* assert on the output */

This ensures that you're testing the behavior the 
user would see in the browser. Learn more at 
https://react.dev/link/wrap-tests-with-act
An update to ChangePassword inside a test was not 
wrapped in act(...).

When testing, code that causes React state updates 
should be wrapped into act(...):

act(() => {
  /* fire events that update state */
});
/* assert on the output */

This ensures that you're testing the behavior the 
user would see in the browser. Learn more at 
https://react.dev/link/wrap-tests-with-act
An update to ChangePassword inside a test was not 
wrapped in act(...).

When testing, code that causes React state updates 
should be wrapped into act(...):

act(() => {
  /* fire events that update state */
});
/* assert on the output */

This ensures that you're testing the behavior the 
user would see in the browser. Learn more at 
https://react.dev/link/wrap-tests-with-act

 [32m✓[39m src/components/admin/DynamicDataTable.test.jsx [2m([22m[2m5 tests[22m[2m)[22m[33m 457[2mms[22m[39m
 [32m✓[39m src/components/auth/LoginForm.test.jsx [2m([22m[2m6 tests[22m[2m)[22m[33m 662[2mms[22m[39m
 [32m✓[39m src/components/auth/ChangePassword.test.jsx [2m([22m[2m9 tests[22m[2m)[22m[33m 716[2mms[22m[39m
[90mstderr[2m | 
src/components/form/ImageSelect.test.jsx[2m > 
[22m[2mImageSelect[2m > [22m[2mopens popover 
on trigger click
[22m[39mAn update to ImageSelect inside a test 
was not wrapped in act(...).

When testing, code that causes React state updates 
should be wrapped into act(...):

act(() => {
  /* fire events that update state */
});
/* assert on the output */

This ensures that you're testing the behavior the 
user would see in the browser. Learn more at 
https://react.dev/link/wrap-tests-with-act
An update to ImageSelect inside a test was not 
wrapped in act(...).

When testing, code that causes React state updates 
should be wrapped into act(...):

act(() => {
  /* fire events that update state */
});
/* assert on the output */

This ensures that you're testing the behavior the 
user would see in the browser. Learn more at 
https://react.dev/link/wrap-tests-with-act

[90mstderr[2m | 
src/components/form/ImageSelect.test.jsx[2m > 
[22m[2mImageSelect[2m > [22m[2mswitches 
between browse and upload tabs
[22m[39mAn update to ImageSelect inside a test 
was not wrapped in act(...).

When testing, code that causes React state updates 
should be wrapped into act(...):

act(() => {
  /* fire events that update state */
});
/* assert on the output */

This ensures that you're testing the behavior the 
user would see in the browser. Learn more at 
https://react.dev/link/wrap-tests-with-act
An update to ImageSelect inside a test was not 
wrapped in act(...).

When testing, code that causes React state updates 
should be wrapped into act(...):

act(() => {
  /* fire events that update state */
});
/* assert on the output */

This ensures that you're testing the behavior the 
user would see in the browser. Learn more at 
https://react.dev/link/wrap-tests-with-act
An update to ImageSelect inside a test was not 
wrapped in act(...).

When testing, code that causes React state updates 
should be wrapped into act(...):

act(() => {
  /* fire events that update state */
});
/* assert on the output */

This ensures that you're testing the behavior the 
user would see in the browser. Learn more at 
https://react.dev/link/wrap-tests-with-act
An update to ImageSelect inside a test was not 
wrapped in act(...).

When testing, code that causes React state updates 
should be wrapped into act(...):

act(() => {
  /* fire events that update state */
});
/* assert on the output */

This ensures that you're testing the behavior the 
user would see in the browser. Learn more at 
https://react.dev/link/wrap-tests-with-act

[90mstderr[2m | 
src/components/form/ImageSelect.test.jsx[2m > 
[22m[2mImageSelect[2m > [22m[2mhandles upload 
success from upload tab
[22m[39mAn update to ImageSelect inside a test 
was not wrapped in act(...).

When testing, code that causes React state updates 
should be wrapped into act(...):

act(() => {
  /* fire events that update state */
});
/* assert on the output */

This ensures that you're testing the behavior the 
user would see in the browser. Learn more at 
https://react.dev/link/wrap-tests-with-act
An update to ImageSelect inside a test was not 
wrapped in act(...).

When testing, code that causes React state updates 
should be wrapped into act(...):

act(() => {
  /* fire events that update state */
});
/* assert on the output */

This ensures that you're testing the behavior the 
user would see in the browser. Learn more at 
https://react.dev/link/wrap-tests-with-act

 [32m✓[39m src/components/form/ImageSelect.test.jsx [2m([22m[2m12 tests[22m[2m)[22m[33m 318[2mms[22m[39m
 [32m✓[39m src/components/ui/Toast/Toast.test.jsx [2m([22m[2m8 tests[22m[2m)[22m[33m 406[2mms[22m[39m
 [32m✓[39m src/components/form/ImageUpload.test.jsx [2m([22m[2m11 tests[22m[2m)[22m[32m 220[2mms[22m[39m
 [32m✓[39m src/hooks/useData.test.js [2m([22m[2m7 tests[22m[2m)[22m[32m 283[2mms[22m[39m
[90mstderr[2m | 
src/components/ui/Table.test.jsx[2m > 
[22m[2mTable[2m > [22m[2mpasses through 
custom classNames
[22m[39mIn HTML, <td> cannot be a child of <div>.
This will cause a hydration error.

 [32m✓[39m src/components/ui/Table.test.jsx [2m([22m[2m3 tests[22m[2m)[22m[33m 305[2mms[22m[39m
 [32m✓[39m src/components/ui/Pagination.test.jsx [2m([22m[2m5 tests[22m[2m)[22m[32m 110[2mms[22m[39m
 [32m✓[39m src/components/ui/ResponsiveImage.test.jsx [2m([22m[2m6 tests[22m[2m)[22m[32m 235[2mms[22m[39m
 [32m✓[39m src/components/ui/form/Input.test.jsx [2m([22m[2m7 tests[22m[2m)[22m[32m 72[2mms[22m[39m
 [32m✓[39m src/context/AuthContext.test.jsx [2m([22m[2m4 tests[22m[2m)[22m[32m 151[2mms[22m[39m
 [32m✓[39m src/components/ui/form/Radio.test.jsx [2m([22m[2m9 tests[22m[2m)[22m[32m 115[2mms[22m[39m
 [32m✓[39m src/components/ui/form/FileUpload.test.jsx [2m([22m[2m3 tests[22m[2m)[22m[32m 46[2mms[22m[39m
 [32m✓[39m src/components/layout/Footer.test.jsx [2m([22m[2m7 tests[22m[2m)[22m[32m 40[2mms[22m[39m
 [32m✓[39m src/components/ui/form/RadioGroup.test.jsx [2m([22m[2m6 tests[22m[2m)[22m[32m 169[2mms[22m[39m
                                                                                                                     [32m✓[39m src/context/ToastContext.test.jsx [2m([22m[2m4 tests[22m[2m)[22m[32m 52[2mms[22m[39m
 [32m✓[39m src/components/auth/LoginModal.test.jsx [2m([22m[2m6 tests[22m[2m)[22m[32m 92[2mms[22m[39m
 [32m✓[39m src/components/auth/ProtectedRoute.test.jsx [2m([22m[2m7 tests[22m[2m)[22m[32m 56[2mms[22m[39m
 [32m✓[39m src/components/ui/Toast/ToastContainer.test.jsx [2m([22m[2m4 tests[22m[2m)[22m[32m 47[2mms[22m[39m
 [32m✓[39m src/components/ui/Card.test.jsx [2m([22m[2m4 tests[22m[2m)[22m[32m 31[2mms[22m[39m
 [32m✓[39m src/components/ui/Badge.test.jsx [2m([22m[2m4 tests[22m[2m)[22m[32m 33[2mms[22m[39m
 [32m✓[39m src/components/ui/Popover.test.jsx [2m([22m[2m2 tests[22m[2m)[22m[32m 30[2mms[22m[39m
 [32m✓[39m src/hooks/useSiteMeta.test.js [2m([22m[2m2 tests[22m[2m)[22m[32m 12[2mms[22m[39m

[2m Test Files [22m [1m[32m29 passed[39m[22m[90m (29)[39m
[2m      Tests [22m [1m[32m167 passed[39m[22m[90m (167)[39m
[2m   Start at [22m 21:56:17
[2m   Duration [22m 11.10s[2m (transform 1.61s, setup 5.02s, import 7.94s, tests 6.06s, environment 43.25s)[22m

